// Jest Snapshot v1, https://goo.gl/fbAQLP

exports[`Component | FeedbackModal.vue template should match snapshot 1`] = `
<div class="feedback-modal-wrapper">
  <modal-stub name="feedback-modal" delay="0" overlaytransition="overlay-fade" clicktoclose="true" classes="v--modal" minwidth="0" minheight="0" maxwidth="Infinity" maxheight="Infinity" width="600" height="280" pivotx="0.5" pivoty="0.5" class="feedback-modal">
    <div class="feedback-modal__header">
      <h2 class="feedback-modal__title">
        suggest
      </h2>
    </div>
    <div class="feedback-modal__body">
      <form class="feedback-modal__form">
        <p aria-live="polite" class="feedback-modal__error">
          error message
        </p> <label for="feedback-email" class="feedback-modal__label">
          email
        </label> <input id="feedback-email" placeholder="pierre@recontact.me" class="feedback-modal__email"> <label for="feedback-content" class="feedback-modal__label">
          content
        </label> <textarea id="feedback-content" placeholder="placeholder" class="feedback-modal__text"></textarea>
      </form>
    </div>
    <div class="feedback-modal__footer">
      <div class="feedback-modal__actions"><button class="feedback-modal__action feedback-modal__action--send">
          send
        </button> <button class="feedback-modal__action feedback-modal__action--cancel">
          cancel
        </button></div>
    </div>
  </modal-stub>
</div>
`;
