// Jest Snapshot v1, https://goo.gl/fbAQLP

exports[`Component | NavControl.vue template should match snapshot 1`] = `
<ul class="navigation">
  <!---->
  <!---->
  <!---->
  <li>
    <app-button-stub text="" tag="button" hide="true"></app-button-stub>
  </li>
  <li class="link new-link">
    <new-mode-toggle-stub></new-mode-toggle-stub>
  </li>
  <li class="link dark-link">
    <dark-mode-toggle-stub></dark-mode-toggle-stub>
  </li>
  <li class="link other-language">
    <app-button-stub text="ðŸ‡«ðŸ‡·" tag="button" class="other-language"></app-button-stub>
  </li>
</ul>
`;
