// Jest Snapshot v1, https://goo.gl/fbAQLP

exports[`Component | FeedbackModal.vue template should match snapshot 1`] = `
<div
  class="feedback-modal-wrapper"
>
  <modal-stub
    class="feedback-modal"
    classes="v--modal"
    clicktoclose="true"
    delay="0"
    height="415"
    maxheight="Infinity"
    maxwidth="Infinity"
    minheight="0"
    minwidth="0"
    name="feedback-modal"
    overlaytransition="overlay-fade"
    pivotx="0.5"
    pivoty="0.5"
    width="600"
  >
    <div
      class="feedback-modal__header"
    >
      <h2
        class="feedback-modal__title"
      >
        
        suggest
      
      </h2>
    </div>
     
    <div
      class="feedback-modal__body"
    >
      <form
        class="feedback-modal__form"
      >
        <!---->
         
        <label
          class="feedback-modal__label"
          for="feedback-email"
        >
          
          email
        
        </label>
         
        <input
          class="feedback-modal__email"
          id="feedback-email"
          placeholder="pierre@recontact.me"
        />
         
        <label
          class="feedback-modal__label"
          for="feedback-content"
        >
          
          content
        
        </label>
         
        <textarea
          class="feedback-modal__text"
          id="feedback-content"
          placeholder="placeholder"
          style="height: 152px;"
        />
      </form>
    </div>
     
    <div
      class="feedback-modal__footer"
    >
      <div
        class="feedback-modal__actions"
      >
        <button
          class="feedback-modal__action feedback-modal__action--send"
        >
          
          send
        
        </button>
         
        <button
          class="feedback-modal__action feedback-modal__action--cancel"
        >
          
          cancel
        
        </button>
      </div>
    </div>
  </modal-stub>
</div>
`;
