// Jest Snapshot v1, https://goo.gl/fbAQLP

exports[`Component | App template should match snapshot 1`] = `
<div
  id="app"
>
  <appheader-stub />
   
  <subscribemodal-stub />
   
  <feedbackmodal-stub />
   
  <vuecomponent-stub />
</div>
`;
