// Jest Snapshot v1, https://goo.gl/fbAQLP

exports[`Component | SubscribeModal.vue template should match snapshot 1`] = `
<div
  class="subscribe-modal-wrapper"
>
  <modal-stub
    class="subscribe-modal"
    classes="v--modal"
    clicktoclose="true"
    delay="0"
    height="315"
    maxheight="Infinity"
    maxwidth="Infinity"
    minheight="0"
    minwidth="0"
    name="subscribe-modal"
    overlaytransition="overlay-fade"
    pivotx="0.5"
    pivoty="0.5"
    width="600"
  >
    <div
      class="subscribe-modal__header"
    >
      <h2
        class="subscribe-modal__title"
      >
        
        subscribe
      
      </h2>
    </div>
     
    <div
      class="subscribe-modal__body"
    >
      <form
        class="subscribe-modal__form"
      >
        <!---->
         
        <p
          class="subscribe-modal__text"
        >
          
          modalText
        
        </p>
         
        <label
          class="subscribe-modal__label"
          for="subscribe-content"
        >
          
          email
        
        </label>
         
        <input
          class="subscribe-modal__email"
          id="subscribe-content"
          placeholder="pierre@recontact.me"
        />
      </form>
    </div>
     
    <div
      class="subscribe-modal__footer"
    >
      <div
        class="subscribe-modal__actions"
      >
        <button
          class="subscribe-modal__action subscribe-modal__action--send"
        >
          
          confirm
        
        </button>
         
        <button
          class="subscribe-modal__action subscribe-modal__action--cancel"
        >
          
          cancel
        
        </button>
      </div>
    </div>
  </modal-stub>
</div>
`;
