// Jest Snapshot v1, https://goo.gl/fbAQLP

exports[`Map should match snapshot 1`] = `<div id="map"></div>`;
